{"level":"info","message":"Hello from Acquisitions","service":"acquisitions-api"}
{"level":"info","message":"::1 - - [11/Jan/2026:12:50:18 +0000] \"GET / HTTP/1.1\" 304 - \"-\" \"Mozilla/5.0 (Windows NT 10.0; Win64; x64) AppleWebKit/537.36 (KHTML, like Gecko) Chrome/143.0.0.0 Safari/537.36 Edg/143.0.0.0\"","service":"acquisitions-api"}
{"level":"info","message":"::1 - - [11/Jan/2026:12:50:18 +0000] \"GET /favicon.ico HTTP/1.1\" 404 150 \"-\" \"Mozilla/5.0 (Windows NT 10.0; Win64; x64) AppleWebKit/537.36 (KHTML, like Gecko) Chrome/143.0.0.0 Safari/537.36 Edg/143.0.0.0\"","service":"acquisitions-api"}
{"level":"info","message":"::1 - - [11/Jan/2026:13:36:05 +0000] \"GET /api HTTP/1.1\" 200 15 \"-\" \"PostmanRuntime/7.49.1\"","service":"acquisitions-api"}
{"level":"info","message":"::1 - - [11/Jan/2026:13:36:34 +0000] \"GET /health HTTP/1.1\" 200 74 \"-\" \"PostmanRuntime/7.49.1\"","service":"acquisitions-api"}
{"level":"info","message":"::1 - - [11/Jan/2026:13:37:13 +0000] \"POST /api/auth/sign-in HTTP/1.1\" 200 15 \"-\" \"PostmanRuntime/7.49.1\"","service":"acquisitions-api"}
{"level":"info","message":"::1 - - [12/Jan/2026:16:36:03 +0000] \"POST /api/auth/sign-up HTTP/1.1\" 200 15 \"-\" \"PostmanRuntime/7.51.0\"","service":"acquisitions-api"}
{"level":"info","message":"::1 - - [12/Jan/2026:16:41:28 +0000] \"POST /api/auth/sign-up HTTP/1.1\" 200 15 \"-\" \"PostmanRuntime/7.51.0\"","service":"acquisitions-api"}
{"level":"info","message":"::1 - - [12/Jan/2026:16:45:13 +0000] \"POST /api/auth/sign-up HTTP/1.1\" 400 59 \"-\" \"PostmanRuntime/7.51.0\"","service":"acquisitions-api"}
{"level":"info","message":"::1 - - [12/Jan/2026:16:48:33 +0000] \"POST /api/auth/sign-up HTTP/1.1\" 400 59 \"-\" \"PostmanRuntime/7.51.0\"","service":"acquisitions-api"}
{"code":"42601","file":"scan.l","length":93,"level":"info","line":"1244","message":"Error creating the user syntax error at or near \"FROM\"","name":"error","position":"16","routine":"scanner_yyerror","service":"acquisitions-api","severity":"ERROR","stack":"error: syntax error at or near \"FROM\"\n    at A:\\DevOps prac\\js prac\\node_modules\\pg\\lib\\client.js:545:17\n    at process.processTicksAndRejections (node:internal/process/task_queues:103:5)\n    at async createUser (file:///A:/DevOps%20prac/js%20prac/src/services/auth.service.js:20:26)\n    at async signup (file:///A:/DevOps%20prac/js%20prac/src/controllers/auth.controller.js:21:18)"}
{"code":"42601","file":"scan.l","length":93,"level":"error","line":"1244","message":"Sign up error syntax error at or near \"FROM\"","name":"error","position":"16","routine":"scanner_yyerror","service":"acquisitions-api","severity":"ERROR","stack":"error: syntax error at or near \"FROM\"\n    at A:\\DevOps prac\\js prac\\node_modules\\pg\\lib\\client.js:545:17\n    at process.processTicksAndRejections (node:internal/process/task_queues:103:5)\n    at async createUser (file:///A:/DevOps%20prac/js%20prac/src/services/auth.service.js:20:26)\n    at async signup (file:///A:/DevOps%20prac/js%20prac/src/controllers/auth.controller.js:21:18)"}
{"level":"info","message":"::1 - - [12/Jan/2026:16:49:33 +0000] \"POST /api/auth/sign-up HTTP/1.1\" 500 570 \"-\" \"PostmanRuntime/7.51.0\"","service":"acquisitions-api"}
{"code":"42601","file":"scan.l","length":93,"level":"info","line":"1244","message":"Error creating the user syntax error at or near \"FROM\"","name":"error","position":"16","routine":"scanner_yyerror","service":"acquisitions-api","severity":"ERROR","stack":"error: syntax error at or near \"FROM\"\n    at A:\\DevOps prac\\js prac\\node_modules\\pg\\lib\\client.js:545:17\n    at process.processTicksAndRejections (node:internal/process/task_queues:103:5)\n    at async createUser (file:///A:/DevOps%20prac/js%20prac/src/services/auth.service.js:20:26)\n    at async signup (file:///A:/DevOps%20prac/js%20prac/src/controllers/auth.controller.js:21:18)"}
{"code":"42601","file":"scan.l","length":93,"level":"error","line":"1244","message":"Sign up error syntax error at or near \"FROM\"","name":"error","position":"16","routine":"scanner_yyerror","service":"acquisitions-api","severity":"ERROR","stack":"error: syntax error at or near \"FROM\"\n    at A:\\DevOps prac\\js prac\\node_modules\\pg\\lib\\client.js:545:17\n    at process.processTicksAndRejections (node:internal/process/task_queues:103:5)\n    at async createUser (file:///A:/DevOps%20prac/js%20prac/src/services/auth.service.js:20:26)\n    at async signup (file:///A:/DevOps%20prac/js%20prac/src/controllers/auth.controller.js:21:18)"}
{"level":"info","message":"::1 - - [12/Jan/2026:16:52:04 +0000] \"POST /api/auth/sign-up HTTP/1.1\" 500 570 \"-\" \"PostmanRuntime/7.51.0\"","service":"acquisitions-api"}
{"code":"42601","file":"scan.l","length":93,"level":"info","line":"1244","message":"Error creating the user syntax error at or near \"FROM\"","name":"error","position":"16","routine":"scanner_yyerror","service":"acquisitions-api","severity":"ERROR","stack":"error: syntax error at or near \"FROM\"\n    at A:\\DevOps prac\\js prac\\node_modules\\pg\\lib\\client.js:545:17\n    at process.processTicksAndRejections (node:internal/process/task_queues:103:5)\n    at async createUser (file:///A:/DevOps%20prac/js%20prac/src/services/auth.service.js:20:26)\n    at async signup (file:///A:/DevOps%20prac/js%20prac/src/controllers/auth.controller.js:21:18)"}
{"code":"42601","file":"scan.l","length":93,"level":"error","line":"1244","message":"Sign up error syntax error at or near \"FROM\"","name":"error","position":"16","routine":"scanner_yyerror","service":"acquisitions-api","severity":"ERROR","stack":"error: syntax error at or near \"FROM\"\n    at A:\\DevOps prac\\js prac\\node_modules\\pg\\lib\\client.js:545:17\n    at process.processTicksAndRejections (node:internal/process/task_queues:103:5)\n    at async createUser (file:///A:/DevOps%20prac/js%20prac/src/services/auth.service.js:20:26)\n    at async signup (file:///A:/DevOps%20prac/js%20prac/src/controllers/auth.controller.js:21:18)"}
{"level":"info","message":"::1 - - [12/Jan/2026:16:53:01 +0000] \"POST /api/auth/sign-up HTTP/1.1\" 500 570 \"-\" \"PostmanRuntime/7.51.0\"","service":"acquisitions-api"}
{"code":"42601","file":"scan.l","length":93,"level":"info","line":"1244","message":"Error creating the user syntax error at or near \"FROM\"","name":"error","position":"16","routine":"scanner_yyerror","service":"acquisitions-api","severity":"ERROR","stack":"error: syntax error at or near \"FROM\"\n    at A:\\DevOps prac\\js prac\\node_modules\\pg\\lib\\client.js:545:17\n    at process.processTicksAndRejections (node:internal/process/task_queues:103:5)\n    at async createUser (file:///A:/DevOps%20prac/js%20prac/src/services/auth.service.js:20:26)\n    at async signup (file:///A:/DevOps%20prac/js%20prac/src/controllers/auth.controller.js:21:18)"}
{"code":"42601","file":"scan.l","length":93,"level":"error","line":"1244","message":"Sign up error syntax error at or near \"FROM\"","name":"error","position":"16","routine":"scanner_yyerror","service":"acquisitions-api","severity":"ERROR","stack":"error: syntax error at or near \"FROM\"\n    at A:\\DevOps prac\\js prac\\node_modules\\pg\\lib\\client.js:545:17\n    at process.processTicksAndRejections (node:internal/process/task_queues:103:5)\n    at async createUser (file:///A:/DevOps%20prac/js%20prac/src/services/auth.service.js:20:26)\n    at async signup (file:///A:/DevOps%20prac/js%20prac/src/controllers/auth.controller.js:21:18)"}
{"level":"info","message":"::1 - - [12/Jan/2026:16:53:41 +0000] \"POST /api/auth/sign-up HTTP/1.1\" 500 570 \"-\" \"PostmanRuntime/7.51.0\"","service":"acquisitions-api"}
{"code":"42601","file":"scan.l","length":93,"level":"info","line":"1244","message":"Error creating the user syntax error at or near \"FROM\"","name":"error","position":"16","routine":"scanner_yyerror","service":"acquisitions-api","severity":"ERROR","stack":"error: syntax error at or near \"FROM\"\n    at A:\\DevOps prac\\js prac\\node_modules\\pg\\lib\\client.js:545:17\n    at process.processTicksAndRejections (node:internal/process/task_queues:103:5)\n    at async createUser (file:///A:/DevOps%20prac/js%20prac/src/services/auth.service.js:20:26)\n    at async signup (file:///A:/DevOps%20prac/js%20prac/src/controllers/auth.controller.js:21:18)"}
{"code":"42601","file":"scan.l","length":93,"level":"error","line":"1244","message":"Sign up error syntax error at or near \"FROM\"","name":"error","position":"16","routine":"scanner_yyerror","service":"acquisitions-api","severity":"ERROR","stack":"error: syntax error at or near \"FROM\"\n    at A:\\DevOps prac\\js prac\\node_modules\\pg\\lib\\client.js:545:17\n    at process.processTicksAndRejections (node:internal/process/task_queues:103:5)\n    at async createUser (file:///A:/DevOps%20prac/js%20prac/src/services/auth.service.js:20:26)\n    at async signup (file:///A:/DevOps%20prac/js%20prac/src/controllers/auth.controller.js:21:18)"}
{"level":"info","message":"::1 - - [12/Jan/2026:16:57:08 +0000] \"POST /api/auth/sign-up HTTP/1.1\" 500 570 \"-\" \"PostmanRuntime/7.51.0\"","service":"acquisitions-api"}
{"code":"42P01","file":"parse_relation.c","length":105,"level":"info","line":"1449","message":"Error creating the user relation \"userdb\" does not exist","name":"error","position":"15","routine":"parserOpenTable","service":"acquisitions-api","severity":"ERROR","stack":"error: relation \"userdb\" does not exist\n    at A:\\DevOps prac\\js prac\\node_modules\\pg\\lib\\client.js:545:17\n    at process.processTicksAndRejections (node:internal/process/task_queues:103:5)\n    at async createUser (file:///A:/DevOps%20prac/js%20prac/src/services/auth.service.js:20:26)\n    at async signup (file:///A:/DevOps%20prac/js%20prac/src/controllers/auth.controller.js:21:18)"}
{"code":"42P01","file":"parse_relation.c","length":105,"level":"error","line":"1449","message":"Sign up error relation \"userdb\" does not exist","name":"error","position":"15","routine":"parserOpenTable","service":"acquisitions-api","severity":"ERROR","stack":"error: relation \"userdb\" does not exist\n    at A:\\DevOps prac\\js prac\\node_modules\\pg\\lib\\client.js:545:17\n    at process.processTicksAndRejections (node:internal/process/task_queues:103:5)\n    at async createUser (file:///A:/DevOps%20prac/js%20prac/src/services/auth.service.js:20:26)\n    at async signup (file:///A:/DevOps%20prac/js%20prac/src/controllers/auth.controller.js:21:18)"}
{"level":"info","message":"::1 - - [12/Jan/2026:16:59:14 +0000] \"POST /api/auth/sign-up HTTP/1.1\" 500 572 \"-\" \"PostmanRuntime/7.51.0\"","service":"acquisitions-api"}
{"code":"3D000","file":"postinit.c","length":91,"level":"error","line":"1021","message":"Sign up error database \"users\" does not exist","name":"error","routine":"InitPostgres","service":"acquisitions-api","severity":"FATAL","stack":"error: database \"users\" does not exist\n    at A:\\DevOps prac\\js prac\\node_modules\\pg-pool\\index.js:45:11\n    at process.processTicksAndRejections (node:internal/process/task_queues:103:5)\n    at async createUser (file:///A:/DevOps%20prac/js%20prac/src/services/auth.service.js:15:18)\n    at async signup (file:///A:/DevOps%20prac/js%20prac/src/controllers/auth.controller.js:21:18)"}
{"level":"info","message":"::1 - - [12/Jan/2026:18:00:35 +0000] \"POST /api/auth/sign-up HTTP/1.1\" 500 570 \"-\" \"PostmanRuntime/7.51.0\"","service":"acquisitions-api"}
{"code":"3D000","file":"postinit.c","length":91,"level":"error","line":"1021","message":"Sign up error database \"users\" does not exist","name":"error","routine":"InitPostgres","service":"acquisitions-api","severity":"FATAL","stack":"error: database \"users\" does not exist\n    at A:\\DevOps prac\\js prac\\node_modules\\pg-pool\\index.js:45:11\n    at process.processTicksAndRejections (node:internal/process/task_queues:103:5)\n    at async createUser (file:///A:/DevOps%20prac/js%20prac/src/services/auth.service.js:15:18)\n    at async signup (file:///A:/DevOps%20prac/js%20prac/src/controllers/auth.controller.js:21:18)"}
{"level":"info","message":"::1 - - [12/Jan/2026:18:24:51 +0000] \"POST /api/auth/sign-up HTTP/1.1\" 500 570 \"-\" \"PostmanRuntime/7.51.0\"","service":"acquisitions-api"}
{"code":"3D000","file":"postinit.c","length":91,"level":"error","line":"1021","message":"Sign up error database \"users\" does not exist","name":"error","routine":"InitPostgres","service":"acquisitions-api","severity":"FATAL","stack":"error: database \"users\" does not exist\n    at A:\\DevOps prac\\js prac\\node_modules\\pg-pool\\index.js:45:11\n    at process.processTicksAndRejections (node:internal/process/task_queues:103:5)\n    at async createUser (file:///A:/DevOps%20prac/js%20prac/src/services/auth.service.js:15:18)\n    at async signup (file:///A:/DevOps%20prac/js%20prac/src/controllers/auth.controller.js:21:18)"}
{"level":"info","message":"::1 - - [12/Jan/2026:18:29:23 +0000] \"POST /api/auth/sign-up HTTP/1.1\" 500 570 \"-\" \"PostmanRuntime/7.51.0\"","service":"acquisitions-api"}
{"code":"23502","column":"name","detail":"Failing row contains (1, null, in@gmail.com, $2b$12$u7wclVexjOtAU6st/butQuKGnegXyxSDfs3gQ5.cdfx7UHn1q4vTO, user, 2026-01-12 18:31:42.531875+00, 2026-01-12 18:31:42.531875+00).","file":"execMain.c","length":337,"level":"info","line":"2005","message":"Error creating the user null value in column \"name\" of relation \"users\" violates not-null constraint","name":"error","routine":"ExecConstraints","schema":"public","service":"acquisitions-api","severity":"ERROR","stack":"error: null value in column \"name\" of relation \"users\" violates not-null constraint\n    at A:\\DevOps prac\\js prac\\node_modules\\pg\\lib\\client.js:545:17\n    at process.processTicksAndRejections (node:internal/process/task_queues:103:5)\n    at async createUser (file:///A:/DevOps%20prac/js%20prac/src/services/auth.service.js:29:23)\n    at async signup (file:///A:/DevOps%20prac/js%20prac/src/controllers/auth.controller.js:21:18)","table":"users"}
{"code":"23502","column":"name","detail":"Failing row contains (1, null, in@gmail.com, $2b$12$u7wclVexjOtAU6st/butQuKGnegXyxSDfs3gQ5.cdfx7UHn1q4vTO, user, 2026-01-12 18:31:42.531875+00, 2026-01-12 18:31:42.531875+00).","file":"execMain.c","length":337,"level":"error","line":"2005","message":"Sign up error null value in column \"name\" of relation \"users\" violates not-null constraint","name":"error","routine":"ExecConstraints","schema":"public","service":"acquisitions-api","severity":"ERROR","stack":"error: null value in column \"name\" of relation \"users\" violates not-null constraint\n    at A:\\DevOps prac\\js prac\\node_modules\\pg\\lib\\client.js:545:17\n    at process.processTicksAndRejections (node:internal/process/task_queues:103:5)\n    at async createUser (file:///A:/DevOps%20prac/js%20prac/src/services/auth.service.js:29:23)\n    at async signup (file:///A:/DevOps%20prac/js%20prac/src/controllers/auth.controller.js:21:18)","table":"users"}
{"level":"info","message":"::1 - - [12/Jan/2026:18:31:42 +0000] \"POST /api/auth/sign-up HTTP/1.1\" 500 626 \"-\" \"PostmanRuntime/7.51.0\"","service":"acquisitions-api"}
{"level":"info","message":"New User with email: in@gmail.com created successfully.","service":"acquisitions-api"}
{"level":"info","message":"User registered successfully: in@gmail.com","service":"acquisitions-api"}
{"level":"info","message":"::1 - - [12/Jan/2026:18:37:08 +0000] \"POST /api/auth/sign-up HTTP/1.1\" 201 111 \"-\" \"PostmanRuntime/7.51.0\"","service":"acquisitions-api"}
{"level":"info","message":"User with in@gmail.com authenticated successfully.","service":"acquisitions-api"}
{"level":"info","message":"User login successfully: in@gmail.com","service":"acquisitions-api"}
{"level":"info","message":"::1 - - [14/Jan/2026:12:13:15 +0000] \"POST /api/auth/sign-in HTTP/1.1\" 200 92 \"-\" \"PostmanRuntime/7.51.0\"","service":"acquisitions-api"}
{"level":"info","message":"User logout successfully","service":"acquisitions-api"}
{"level":"info","message":"::1 - - [14/Jan/2026:12:14:21 +0000] \"POST /api/auth/sign-out HTTP/1.1\" 200 38 \"-\" \"PostmanRuntime/7.51.0\"","service":"acquisitions-api"}
{"level":"info","message":"::1 - - [14/Jan/2026:13:13:37 +0000] \"GET /health HTTP/1.1\" 200 74 \"-\" \"PostmanRuntime/7.51.0\"","service":"acquisitions-api"}
{"level":"info","message":"::1 - - [14/Jan/2026:13:16:07 +0000] \"GET /health HTTP/1.1\" 200 75 \"-\" \"PostmanRuntime/7.51.0\"","service":"acquisitions-api"}
{"level":"info","message":"::1 - - [14/Jan/2026:13:16:07 +0000] \"GET /health HTTP/1.1\" 200 75 \"-\" \"PostmanRuntime/7.51.0\"","service":"acquisitions-api"}
{"level":"info","message":"::1 - - [14/Jan/2026:13:16:08 +0000] \"GET /health HTTP/1.1\" 200 75 \"-\" \"PostmanRuntime/7.51.0\"","service":"acquisitions-api"}
{"level":"info","message":"::1 - - [14/Jan/2026:13:16:09 +0000] \"GET /health HTTP/1.1\" 200 75 \"-\" \"PostmanRuntime/7.51.0\"","service":"acquisitions-api"}
{"level":"info","message":"::1 - - [14/Jan/2026:13:16:12 +0000] \"GET /health HTTP/1.1\" 200 75 \"-\" \"PostmanRuntime/7.51.0\"","service":"acquisitions-api"}
{"level":"info","message":"::1 - - [14/Jan/2026:13:16:13 +0000] \"GET /health HTTP/1.1\" 200 75 \"-\" \"PostmanRuntime/7.51.0\"","service":"acquisitions-api"}
{"level":"info","message":"::1 - - [14/Jan/2026:13:16:13 +0000] \"GET /health HTTP/1.1\" 200 75 \"-\" \"PostmanRuntime/7.51.0\"","service":"acquisitions-api"}
{"level":"info","message":"::1 - - [14/Jan/2026:13:16:14 +0000] \"GET /health HTTP/1.1\" 200 74 \"-\" \"PostmanRuntime/7.51.0\"","service":"acquisitions-api"}
{"level":"info","message":"::1 - - [14/Jan/2026:13:16:15 +0000] \"GET /health HTTP/1.1\" 200 74 \"-\" \"PostmanRuntime/7.51.0\"","service":"acquisitions-api"}
{"level":"info","message":"::1 - - [14/Jan/2026:13:16:16 +0000] \"GET /health HTTP/1.1\" 200 75 \"-\" \"PostmanRuntime/7.51.0\"","service":"acquisitions-api"}
{"level":"info","message":"::1 - - [14/Jan/2026:13:16:16 +0000] \"GET /health HTTP/1.1\" 200 75 \"-\" \"PostmanRuntime/7.51.0\"","service":"acquisitions-api"}
{"level":"info","message":"::1 - - [14/Jan/2026:13:16:17 +0000] \"GET /health HTTP/1.1\" 200 75 \"-\" \"PostmanRuntime/7.51.0\"","service":"acquisitions-api"}
{"level":"info","message":"New User with email: in@gmail.com created successfully.","service":"acquisitions-api"}
{"level":"info","message":"User registered successfully: in@gmail.com","service":"acquisitions-api"}
{"level":"info","message":"::1 - - [14/Jan/2026:17:20:07 +0000] \"POST /api/auth/sign-up HTTP/1.1\" 201 112 \"-\" \"PostmanRuntime/7.51.0\"","service":"acquisitions-api"}
{"level":"info","message":"New User with email: gin@gmail.com created successfully.","service":"acquisitions-api"}
{"level":"info","message":"User registered successfully: gin@gmail.com","service":"acquisitions-api"}
{"level":"info","message":"::1 - - [15/Jan/2026:17:25:15 +0000] \"POST /api/auth/sign-up HTTP/1.1\" 201 115 \"-\" \"PostmanRuntime/7.51.0\"","service":"acquisitions-api"}
{"level":"info","message":"User with gin@gmail.com authenticated successfully.","service":"acquisitions-api"}
{"level":"info","message":"User login successfully: gin@gmail.com","service":"acquisitions-api"}
{"level":"info","message":"::1 - - [15/Jan/2026:17:25:31 +0000] \"POST /api/auth/sign-in HTTP/1.1\" 200 93 \"-\" \"PostmanRuntime/7.51.0\"","service":"acquisitions-api"}
{"level":"info","message":"::1 - - [15/Jan/2026:17:26:06 +0000] \"GET /api/user HTTP/1.1\" 404 147 \"-\" \"PostmanRuntime/7.51.0\"","service":"acquisitions-api"}
{"level":"info","message":"Getting all users","service":"acquisitions-api"}
{"level":"error","message":"Error getting all users from pool Cannot read properties of undefined (reading 'length')","service":"acquisitions-api","stack":"TypeError: Cannot read properties of undefined (reading 'length')\n    at getUsers (file:///A:/DevOps%20prac/js%20prac/src/controllers/users.controller.js:20:23)\n    at process.processTicksAndRejections (node:internal/process/task_queues:103:5)"}
{"level":"info","message":"::1 - - [15/Jan/2026:17:27:02 +0000] \"GET /api/users/ HTTP/1.1\" 500 404 \"-\" \"PostmanRuntime/7.51.0\"","service":"acquisitions-api"}
{"level":"info","message":"Getting all users","service":"acquisitions-api"}
{"level":"error","message":"getAllUsers returned invalid data","service":"acquisitions-api"}
{"level":"info","message":"::1 - - [15/Jan/2026:17:30:36 +0000] \"GET /api/users/ HTTP/1.1\" 500 38 \"-\" \"PostmanRuntime/7.51.0\"","service":"acquisitions-api"}
{"level":"info","message":"Getting all users","service":"acquisitions-api"}
{"level":"info","message":"::1 - - [15/Jan/2026:17:32:13 +0000] \"GET /api/users/ HTTP/1.1\" 200 303 \"-\" \"PostmanRuntime/7.51.0\"","service":"acquisitions-api"}
{"level":"info","message":"Getting users by id","service":"acquisitions-api"}
{"level":"info","message":"::1 - - [15/Jan/2026:17:32:58 +0000] \"GET /api/users/2 HTTP/1.1\" 200 131 \"-\" \"PostmanRuntime/7.51.0\"","service":"acquisitions-api"}
{"level":"error","message":"No user with id undefined found. while updating the user","service":"acquisitions-api"}
{"level":"error","message":"Error during updating users by id User not found","service":"acquisitions-api","stack":"Error: User not found\n    at updateUserById (file:///A:/DevOps%20prac/js%20prac/src/services/users.service.js:43:13)\n    at process.processTicksAndRejections (node:internal/process/task_queues:103:5)\n    at async updateUser (file:///A:/DevOps%20prac/js%20prac/src/controllers/users.controller.js:73:20)"}
{"level":"error","message":"Error updating user User not found","service":"acquisitions-api","stack":"Error: User not found\n    at updateUserById (file:///A:/DevOps%20prac/js%20prac/src/services/users.service.js:43:13)\n    at process.processTicksAndRejections (node:internal/process/task_queues:103:5)\n    at async updateUser (file:///A:/DevOps%20prac/js%20prac/src/controllers/users.controller.js:73:20)"}
{"level":"info","message":"::1 - - [15/Jan/2026:17:34:06 +0000] \"PATCH /api/users/2 HTTP/1.1\" 500 468 \"-\" \"PostmanRuntime/7.51.0\"","service":"acquisitions-api"}
{"level":"error","message":"No user with id undefined found. while updating the user","service":"acquisitions-api"}
{"level":"error","message":"Error during updating users by id User not found","service":"acquisitions-api","stack":"Error: User not found\n    at updateUserById (file:///A:/DevOps%20prac/js%20prac/src/services/users.service.js:43:13)\n    at process.processTicksAndRejections (node:internal/process/task_queues:103:5)\n    at async updateUser (file:///A:/DevOps%20prac/js%20prac/src/controllers/users.controller.js:73:20)"}
{"level":"error","message":"Error updating user User not found","service":"acquisitions-api","stack":"Error: User not found\n    at updateUserById (file:///A:/DevOps%20prac/js%20prac/src/services/users.service.js:43:13)\n    at process.processTicksAndRejections (node:internal/process/task_queues:103:5)\n    at async updateUser (file:///A:/DevOps%20prac/js%20prac/src/controllers/users.controller.js:73:20)"}
{"level":"info","message":"::1 - - [15/Jan/2026:17:35:30 +0000] \"PATCH /api/users/2 HTTP/1.1\" 500 468 \"-\" \"PostmanRuntime/7.51.0\"","service":"acquisitions-api"}
{"level":"info","message":"Getting all users","service":"acquisitions-api"}
{"level":"info","message":"::1 - - [15/Jan/2026:17:37:27 +0000] \"GET /api/users/ HTTP/1.1\" 200 303 \"-\" \"PostmanRuntime/7.51.0\"","service":"acquisitions-api"}
{"level":"error","message":"No user with id undefined found. while updating the user","service":"acquisitions-api"}
{"level":"error","message":"Error during updating users by id User not found","service":"acquisitions-api","stack":"Error: User not found\n    at updateUserById (file:///A:/DevOps%20prac/js%20prac/src/services/users.service.js:43:13)\n    at process.processTicksAndRejections (node:internal/process/task_queues:103:5)\n    at async updateUser (file:///A:/DevOps%20prac/js%20prac/src/controllers/users.controller.js:73:20)"}
{"level":"error","message":"Error updating user User not found","service":"acquisitions-api","stack":"Error: User not found\n    at updateUserById (file:///A:/DevOps%20prac/js%20prac/src/services/users.service.js:43:13)\n    at process.processTicksAndRejections (node:internal/process/task_queues:103:5)\n    at async updateUser (file:///A:/DevOps%20prac/js%20prac/src/controllers/users.controller.js:73:20)"}
{"level":"info","message":"::1 - - [15/Jan/2026:17:38:18 +0000] \"PATCH /api/users/2 HTTP/1.1\" 500 468 \"-\" \"PostmanRuntime/7.51.0\"","service":"acquisitions-api"}
{"level":"error","message":"No user with id undefined found. while updating the user","service":"acquisitions-api"}
{"level":"error","message":"Error during updating users by id User not found","service":"acquisitions-api","stack":"Error: User not found\n    at updateUserById (file:///A:/DevOps%20prac/js%20prac/src/services/users.service.js:43:13)\n    at process.processTicksAndRejections (node:internal/process/task_queues:103:5)\n    at async updateUser (file:///A:/DevOps%20prac/js%20prac/src/controllers/users.controller.js:73:20)"}
{"level":"error","message":"Error updating user User not found","service":"acquisitions-api","stack":"Error: User not found\n    at updateUserById (file:///A:/DevOps%20prac/js%20prac/src/services/users.service.js:43:13)\n    at process.processTicksAndRejections (node:internal/process/task_queues:103:5)\n    at async updateUser (file:///A:/DevOps%20prac/js%20prac/src/controllers/users.controller.js:73:20)"}
{"level":"info","message":"::1 - - [15/Jan/2026:17:40:13 +0000] \"PATCH /api/users/2 HTTP/1.1\" 500 468 \"-\" \"PostmanRuntime/7.51.0\"","service":"acquisitions-api"}
{"level":"info","message":"::1 - - [15/Jan/2026:17:42:03 +0000] \"PATCH /api/users/2 HTTP/1.1\" 200 153 \"-\" \"PostmanRuntime/7.51.0\"","service":"acquisitions-api"}
{"level":"info","message":"Getting all users","service":"acquisitions-api"}
{"level":"info","message":"::1 - - [15/Jan/2026:17:42:16 +0000] \"GET /api/users/ HTTP/1.1\" 200 304 \"-\" \"PostmanRuntime/7.51.0\"","service":"acquisitions-api"}
{"level":"info","message":"::1 - - [15/Jan/2026:17:42:39 +0000] \"DELETE /api/users/2 HTTP/1.1\" 204 - \"-\" \"PostmanRuntime/7.51.0\"","service":"acquisitions-api"}
{"level":"info","message":"Getting all users","service":"acquisitions-api"}
{"level":"info","message":"::1 - - [15/Jan/2026:17:42:46 +0000] \"GET /api/users/ HTTP/1.1\" 200 171 \"-\" \"PostmanRuntime/7.51.0\"","service":"acquisitions-api"}
{"level":"info","message":"::1 - - [15/Jan/2026:18:47:18 +0000] \"GET /api/users/ HTTP/1.1\" 401 37 \"-\" \"PostmanRuntime/7.51.0\"","service":"acquisitions-api"}
{"level":"info","message":"New User with email: gin@gmail.com created successfully.","service":"acquisitions-api"}
{"level":"info","message":"User registered successfully: gin@gmail.com","service":"acquisitions-api"}
{"level":"info","message":"::1 - - [15/Jan/2026:18:47:28 +0000] \"POST /api/auth/sign-up HTTP/1.1\" 201 115 \"-\" \"PostmanRuntime/7.51.0\"","service":"acquisitions-api"}
{"level":"info","message":"::1 - - [15/Jan/2026:18:48:10 +0000] \"GET /api/users/ HTTP/1.1\" 403 48 \"-\" \"PostmanRuntime/7.51.0\"","service":"acquisitions-api"}
{"level":"info","message":"::1 - - [15/Jan/2026:18:49:00 +0000] \"GET /api/users/ HTTP/1.1\" 403 48 \"-\" \"PostmanRuntime/7.51.0\"","service":"acquisitions-api"}
{"level":"info","message":"::1 - - [15/Jan/2026:18:50:33 +0000] \"GET /api/users/ HTTP/1.1\" 401 37 \"-\" \"PostmanRuntime/7.51.0\"","service":"acquisitions-api"}
{"level":"info","message":"::1 - - [15/Jan/2026:18:50:44 +0000] \"GET /api/users/ HTTP/1.1\" 401 37 \"-\" \"PostmanRuntime/7.51.0\"","service":"acquisitions-api"}
{"level":"info","message":"::1 - - [15/Jan/2026:18:50:51 +0000] \"GET /api/users/ HTTP/1.1\" 401 37 \"-\" \"PostmanRuntime/7.51.0\"","service":"acquisitions-api"}
{"level":"info","message":"::1 - - [15/Jan/2026:18:50:57 +0000] \"GET /api/users/ HTTP/1.1\" 401 37 \"-\" \"PostmanRuntime/7.51.0\"","service":"acquisitions-api"}
{"level":"info","message":"User with gin@gmail.com authenticated successfully.","service":"acquisitions-api"}
{"level":"info","message":"User login successfully: gin@gmail.com","service":"acquisitions-api"}
{"level":"info","message":"::1 - - [15/Jan/2026:18:51:09 +0000] \"POST /api/auth/sign-in HTTP/1.1\" 200 93 \"-\" \"PostmanRuntime/7.51.0\"","service":"acquisitions-api"}
{"level":"info","message":"::1 - - [15/Jan/2026:18:51:24 +0000] \"GET /api/users/ HTTP/1.1\" 403 48 \"-\" \"PostmanRuntime/7.51.0\"","service":"acquisitions-api"}
{"level":"info","message":"Getting users by id","service":"acquisitions-api"}
{"level":"info","message":"::1 - - [15/Jan/2026:18:51:49 +0000] \"GET /api/users/3 HTTP/1.1\" 200 131 \"-\" \"PostmanRuntime/7.51.0\"","service":"acquisitions-api"}
{"level":"info","message":"::1 - - [15/Jan/2026:18:51:59 +0000] \"GET /api/users/1 HTTP/1.1\" 403 52 \"-\" \"PostmanRuntime/7.51.0\"","service":"acquisitions-api"}
{"level":"info","message":"::1 - - [15/Jan/2026:18:52:32 +0000] \"PATCH /api/users/3 HTTP/1.1\" 200 153 \"-\" \"PostmanRuntime/7.51.0\"","service":"acquisitions-api"}
{"level":"info","message":"::1 - - [15/Jan/2026:18:52:41 +0000] \"GET /api/users/1 HTTP/1.1\" 403 52 \"-\" \"PostmanRuntime/7.51.0\"","service":"acquisitions-api"}
{"level":"info","message":"Getting users by id","service":"acquisitions-api"}
{"level":"info","message":"::1 - - [15/Jan/2026:18:52:46 +0000] \"GET /api/users/3 HTTP/1.1\" 200 132 \"-\" \"PostmanRuntime/7.51.0\"","service":"acquisitions-api"}
{"level":"error","message":"Error during authenticating User timeout exceeded when trying to connect","service":"acquisitions-api","stack":"Error: timeout exceeded when trying to connect\n    at A:\\DevOps prac\\js prac\\node_modules\\pg-pool\\index.js:45:11\n    at async authenticateUser (file:///A:/DevOps%20prac/js%20prac/src/services/auth.service.js:58:20)\n    at async signIn (file:///A:/DevOps%20prac/js%20prac/src/controllers/auth.controller.js:60:18)"}
{"level":"error","message":"Error during sign in Error: timeout exceeded when trying to connect","service":"acquisitions-api","stack":"Error: Error: timeout exceeded when trying to connect\n    at authenticateUser (file:///A:/DevOps%20prac/js%20prac/src/services/auth.service.js:80:11)\n    at async signIn (file:///A:/DevOps%20prac/js%20prac/src/controllers/auth.controller.js:60:18)"}
{"level":"info","message":"::1 - - [15/Jan/2026:18:53:02 +0000] \"POST /api/auth/sign-in HTTP/1.1\" 500 400 \"-\" \"PostmanRuntime/7.51.0\"","service":"acquisitions-api"}
{"level":"error","message":"Error during authenticating User timeout exceeded when trying to connect","service":"acquisitions-api","stack":"Error: timeout exceeded when trying to connect\n    at A:\\DevOps prac\\js prac\\node_modules\\pg-pool\\index.js:45:11\n    at async authenticateUser (file:///A:/DevOps%20prac/js%20prac/src/services/auth.service.js:58:20)\n    at async signIn (file:///A:/DevOps%20prac/js%20prac/src/controllers/auth.controller.js:60:18)"}
{"level":"error","message":"Error during sign in Error: timeout exceeded when trying to connect","service":"acquisitions-api","stack":"Error: Error: timeout exceeded when trying to connect\n    at authenticateUser (file:///A:/DevOps%20prac/js%20prac/src/services/auth.service.js:80:11)\n    at async signIn (file:///A:/DevOps%20prac/js%20prac/src/controllers/auth.controller.js:60:18)"}
{"level":"info","message":"::1 - - [15/Jan/2026:18:53:16 +0000] \"POST /api/auth/sign-in HTTP/1.1\" 500 400 \"-\" \"PostmanRuntime/7.51.0\"","service":"acquisitions-api"}
{"level":"error","message":"Error during authenticating User timeout exceeded when trying to connect","service":"acquisitions-api","stack":"Error: timeout exceeded when trying to connect\n    at A:\\DevOps prac\\js prac\\node_modules\\pg-pool\\index.js:45:11\n    at async authenticateUser (file:///A:/DevOps%20prac/js%20prac/src/services/auth.service.js:58:20)\n    at async signIn (file:///A:/DevOps%20prac/js%20prac/src/controllers/auth.controller.js:60:18)"}
{"level":"error","message":"Error during sign in Error: timeout exceeded when trying to connect","service":"acquisitions-api","stack":"Error: Error: timeout exceeded when trying to connect\n    at authenticateUser (file:///A:/DevOps%20prac/js%20prac/src/services/auth.service.js:80:11)\n    at async signIn (file:///A:/DevOps%20prac/js%20prac/src/controllers/auth.controller.js:60:18)"}
{"level":"info","message":"::1 - - [15/Jan/2026:18:53:52 +0000] \"POST /api/auth/sign-in HTTP/1.1\" 500 400 \"-\" \"PostmanRuntime/7.51.0\"","service":"acquisitions-api"}
{"level":"error","message":"Error during authenticating User timeout exceeded when trying to connect","service":"acquisitions-api","stack":"Error: timeout exceeded when trying to connect\n    at A:\\DevOps prac\\js prac\\node_modules\\pg-pool\\index.js:45:11\n    at async authenticateUser (file:///A:/DevOps%20prac/js%20prac/src/services/auth.service.js:58:20)\n    at async signIn (file:///A:/DevOps%20prac/js%20prac/src/controllers/auth.controller.js:60:18)"}
{"level":"error","message":"Error during sign in Error: timeout exceeded when trying to connect","service":"acquisitions-api","stack":"Error: Error: timeout exceeded when trying to connect\n    at authenticateUser (file:///A:/DevOps%20prac/js%20prac/src/services/auth.service.js:80:11)\n    at async signIn (file:///A:/DevOps%20prac/js%20prac/src/controllers/auth.controller.js:60:18)"}
{"level":"info","message":"::1 - - [15/Jan/2026:18:55:11 +0000] \"POST /api/auth/sign-in HTTP/1.1\" 500 400 \"-\" \"PostmanRuntime/7.51.0\"","service":"acquisitions-api"}
{"level":"info","message":"User with in@gmail.com authenticated successfully.","service":"acquisitions-api"}
{"level":"info","message":"User login successfully: in@gmail.com","service":"acquisitions-api"}
{"level":"info","message":"::1 - - [15/Jan/2026:18:56:53 +0000] \"POST /api/auth/sign-in HTTP/1.1\" 200 93 \"-\" \"PostmanRuntime/7.51.0\"","service":"acquisitions-api"}
{"level":"info","message":"Getting all users","service":"acquisitions-api"}
{"level":"info","message":"::1 - - [15/Jan/2026:18:57:28 +0000] \"GET /api/users/ HTTP/1.1\" 200 304 \"-\" \"PostmanRuntime/7.51.0\"","service":"acquisitions-api"}
{"level":"info","message":"Getting users by id","service":"acquisitions-api"}
{"level":"info","message":"::1 - - [15/Jan/2026:18:58:02 +0000] \"GET /api/users/3 HTTP/1.1\" 200 132 \"-\" \"PostmanRuntime/7.51.0\"","service":"acquisitions-api"}
{"level":"info","message":"Getting users by id","service":"acquisitions-api"}
{"level":"info","message":"::1 - - [15/Jan/2026:18:58:11 +0000] \"GET /api/users/1 HTTP/1.1\" 200 127 \"-\" \"PostmanRuntime/7.51.0\"","service":"acquisitions-api"}
{"level":"info","message":"User with in@gmail.com authenticated successfully.","service":"acquisitions-api"}
{"level":"info","message":"User login successfully: in@gmail.com","service":"acquisitions-api"}
{"level":"info","message":"::1 - - [15/Jan/2026:19:05:29 +0000] \"POST /api/auth/sign-in HTTP/1.1\" 200 93 \"-\" \"PostmanRuntime/7.51.0\"","service":"acquisitions-api"}
{"level":"info","message":"Getting users by id","service":"acquisitions-api"}
{"level":"info","message":"::1 - - [15/Jan/2026:19:05:48 +0000] \"GET /api/users/1 HTTP/1.1\" 200 127 \"-\" \"PostmanRuntime/7.51.0\"","service":"acquisitions-api"}
